128
00c
096
10e
000
05c
087
080
081
005
022
0bd
013
0b4
18b
0f3
114
1a0
102
122
01b
19e
1d5
040
01b
1c6
182
060
001
179
1d7
183
011
079
013
11d
02b
012
0dd
1a1
160
17b
0fe
000
188
0aa
06a
037
038
0dc
