bbdd
dd00
eeff
bb00
ccaa
3600
d7cc
d7d7
eebb
00d3
bb00
ffff
d700
ffff
4aee
ff00
eeff
d726
4a53
00cd
2e4a
4a2e
cd53
ee00
53ff
00b3
00ee
ee3b
6100
cd61
3bb3
3a3a
b310
3810
f210
0010
3810
10cd
b838
3acd
383a
3338
3bcd
003a
3b3a
38cd
b800
3b3a
b83a
2b00
